// Vitest Snapshot v1, https://vitest.dev/guide/snapshot.html

exports[`TheGame > should render correctly 1`] = `
"<div data-v-bc1fe25a="" id="board">
  <div data-v-bc1fe25a="" class="row">
    <div data-v-bc1fe25a="" data-test-id="cell-0-0" class="cell">
      <!--v-if-->
    </div>
    <div data-v-bc1fe25a="" data-test-id="cell-0-1" class="cell">
      <!--v-if-->
    </div>
    <div data-v-bc1fe25a="" data-test-id="cell-0-2" class="cell">
      <!--v-if-->
    </div>
  </div>
  <div data-v-bc1fe25a="" class="row">
    <div data-v-bc1fe25a="" data-test-id="cell-1-0" class="cell">
      <!--v-if-->
    </div>
    <div data-v-bc1fe25a="" data-test-id="cell-1-1" class="cell">
      <!--v-if-->
    </div>
    <div data-v-bc1fe25a="" data-test-id="cell-1-2" class="cell">
      <!--v-if-->
    </div>
  </div>
  <div data-v-bc1fe25a="" class="row">
    <div data-v-bc1fe25a="" data-test-id="cell-2-0" class="cell">
      <!--v-if-->
    </div>
    <div data-v-bc1fe25a="" data-test-id="cell-2-1" class="cell">
      <!--v-if-->
    </div>
    <div data-v-bc1fe25a="" data-test-id="cell-2-2" class="cell">
      <!--v-if-->
    </div>
  </div>
</div>"
`;
